// Jest Snapshot v1, https://goo.gl/fbAQLP

exports[`MyRecipeTest Test 1`] = `
<RCTScrollView
  style={
    Object {
      "height": "100%",
    }
  }
>
  <View>
    <div
      title="My Recipes"
    />
    <div
      cookbooks={
        Array [
          Object {
            "cookbook": "1",
            "id": "1",
          },
          Object {
            "cookbook": "2",
            "id": "2",
          },
        ]
      }
    />
  </View>
</RCTScrollView>
`;
