// Jest Snapshot v1, https://goo.gl/fbAQLP

exports[`RecipeTest Test 1`] = `
<View
  style={
    Array [
      Object {
        "height": "100%",
      },
    ]
  }
>
  <div
    title="test-title"
  />
  <div
    loadMoreRecipes={[Function]}
    recipes={
      Array [
        Object {
          "pk": "1",
          "title": "test-title-1",
        },
        Object {
          "pk": "2",
          "title": "test-title-2",
        },
      ]
    }
  />
</View>
`;
