// Jest Snapshot v1, https://goo.gl/fbAQLP

exports[`RecipeDetailsPage Test 1`] = `
<RCTScrollView>
  <View>
    <div
      owner={
        Object {
          "name": "owner-name",
        }
      }
      title="recipe-title"
    />
    <div
      images={
        Array [
          Object {
            "image": "url",
          },
        ]
      }
    />
    <div
      avgRating={3.7}
      favorite={true}
      handleFavorize={[Function]}
      handleRating={[Function]}
      ownRating={2.5}
      ratingCount={17}
    />
    <View
      style={
        Array [
          Object {
            "display": "flex",
            "flexDirection": "row",
            "flexWrap": "wrap",
            "gap": 12,
            "justifyContent": "space-between",
            "marginBottom": 12,
            "marginLeft": 12,
            "marginRight": 12,
            "marginTop": 12,
          },
        ]
      }
    >
      <div
        content="Duration: 25 min"
        style={
          Array [
            Object {
              "borderColor": "#fff",
              "borderRadius": 10,
              "borderWidth": 1,
              "justifyContent": "center",
              "width": "49%",
            },
          ]
        }
      />
      <div
        content="Difficulty: Mittel"
        style={
          Array [
            Object {
              "borderColor": "#fff",
              "borderRadius": 10,
              "borderWidth": 1,
              "justifyContent": "center",
              "width": "49%",
            },
          ]
        }
      />
      <View
        style={
          Array [
            Object {
              "width": 150,
            },
            Object {
              "borderColor": "#fff",
              "borderRadius": 10,
              "borderWidth": 1,
              "marginTop": 12,
              "width": "49%",
            },
          ]
        }
      >
        <Text
          style={
            Array [
              Object {
                "fontSize": 18,
                "paddingBottom": 12,
                "paddingLeft": 12,
                "paddingRight": 12,
                "paddingTop": 12,
              },
            ]
          }
        >
          Portions: 4
        </Text>
      </View>
    </View>
    <div
      content="Ingredients:
mehl
zucker"
      style={
        Array [
          Object {
            "borderColor": "#fff",
            "borderRadius": 10,
            "borderWidth": 1,
            "justifyContent": "center",
            "marginBottom": 12,
            "marginLeft": 12,
            "marginRight": 12,
            "marginTop": 12,
          },
        ]
      }
    />
    <div
      content="Instructions: 
test Anleitung"
      style={
        Array [
          Object {
            "borderColor": "#fff",
            "borderRadius": 10,
            "borderWidth": 1,
            "justifyContent": "center",
            "marginBottom": 12,
            "marginLeft": 12,
            "marginRight": 12,
            "marginTop": 12,
          },
        ]
      }
    />
  </View>
</RCTScrollView>
`;

exports[`RecipeDetailsPage Test RecipeDetailsPage Snapshot Test 1`] = `
<RCTScrollView>
  <View>
    <div
      owner={
        Object {
          "name": "owner-name",
        }
      }
      title="recipe-title"
    />
    <div
      images={
        Array [
          Object {
            "image": "url",
          },
        ]
      }
    />
    <div
      avgRating={3.7}
      favorite={true}
      handleFavorize={[Function]}
      handleRating={[Function]}
      ownRating={2.5}
      ratingCount={17}
    />
    <View
      style={
        Array [
          Object {
            "display": "flex",
            "flexDirection": "row",
            "flexWrap": "wrap",
            "gap": 12,
            "justifyContent": "space-between",
            "marginBottom": 12,
            "marginLeft": 12,
            "marginRight": 12,
            "marginTop": 12,
          },
        ]
      }
    >
      <div
        content="Duration: 25 min"
        style={
          Array [
            Object {
              "borderColor": "#fff",
              "borderRadius": 10,
              "borderWidth": 1,
              "justifyContent": "center",
              "width": "49%",
            },
          ]
        }
      />
      <div
        content="Difficulty: Mittel"
        style={
          Array [
            Object {
              "borderColor": "#fff",
              "borderRadius": 10,
              "borderWidth": 1,
              "justifyContent": "center",
              "width": "49%",
            },
          ]
        }
      />
      <View
        style={
          Array [
            Object {
              "width": 150,
            },
            Object {
              "borderColor": "#fff",
              "borderRadius": 10,
              "borderWidth": 1,
              "marginTop": 12,
              "width": "49%",
            },
          ]
        }
      >
        <Text
          style={
            Array [
              Object {
                "fontSize": 18,
                "paddingBottom": 12,
                "paddingLeft": 12,
                "paddingRight": 12,
                "paddingTop": 12,
              },
            ]
          }
        >
          Portions: 4
        </Text>
      </View>
    </View>
    <div
      content="Ingredients:
mehl
zucker"
      style={
        Array [
          Object {
            "borderColor": "#fff",
            "borderRadius": 10,
            "borderWidth": 1,
            "justifyContent": "center",
            "marginBottom": 12,
            "marginLeft": 12,
            "marginRight": 12,
            "marginTop": 12,
          },
        ]
      }
    />
    <div
      content="Instructions: 
test Anleitung"
      style={
        Array [
          Object {
            "borderColor": "#fff",
            "borderRadius": 10,
            "borderWidth": 1,
            "justifyContent": "center",
            "marginBottom": 12,
            "marginLeft": 12,
            "marginRight": 12,
            "marginTop": 12,
          },
        ]
      }
    />
  </View>
</RCTScrollView>
`;
