// Jest Snapshot v1, https://goo.gl/fbAQLP

exports[`Header Test 1`] = `
<View
  style={
    Object {
      "display": "flex",
      "justifyContent": "center",
      "marginVertical": 12,
    }
  }
>
  <Text
    style={
      Object {
        "fontSize": 50,
        "textAlign": "center",
      }
    }
  >
    Test-Title
  </Text>
</View>
`;
