// Jest Snapshot v1, https://goo.gl/fbAQLP

exports[`MainMenu Test MainMenu Test 1`] = `
<View
  style={
    Array [
      Object {
        "alignItems": "center",
        "display": "flex",
        "flexDirection": "column",
        "height": "80%",
      },
    ]
  }
>
  <View>
    <div
      path="myrecipes"
      text="My Recipes"
    />
    <div
      path="recipes"
      text="All Recipes"
    />
    <div
      path="cookbooks"
      text="Cookbooks"
    />
    <div
      path="addrecipe"
      text="Ad Recipe"
    />
  </View>
  <View
    style={
      Array [
        Object {
          "marginTop": "auto",
        },
      ]
    }
  >
    <div
      path="settings"
      text="Settings"
    />
  </View>
</View>
`;
