// Jest Snapshot v1, https://goo.gl/fbAQLP

exports[`MyRecipesList Test 1`] = `
<View>
  <div
    icon="all"
    title="All Recipes"
  />
  <div
    icon="heart"
    title="Favorites"
  />
  <View
    style={
      Array [
        Object {
          "marginBottom": 12,
          "marginLeft": 12,
          "marginRight": 12,
          "marginTop": 12,
        },
      ]
    }
  />
  <div
    cookbook={
      Object {
        "cookbook": "1",
        "pk": "1",
      }
    }
  />
  <div
    cookbook={
      Object {
        "cookbook": "2",
        "pk": "2",
      }
    }
  />
</View>
`;
